// Jest Snapshot v1, https://goo.gl/fbAQLP

exports[`<Loading/> renders the <Loading.ReleaseBody/> 1`] = `null`;

exports[`<Loading/> renders the <Loading/> component 1`] = `
<div
  class="loading__Spinner-sc-1j6l9vs-0 bRbnAB"
  data-testid="loading"
>
  <img
    class="loading__Picture-sc-1j6l9vs-1 klMuKU"
    data-testid="loading-picture"
    src="/images/users/.png"
  />
</div>
`;
