// Jest Snapshot v1, https://goo.gl/fbAQLP

exports[`<OptForm /> renders the <OptForm /> with populated data 1`] = `
<div
  class="optForm__Container-sc-2jbjnz-0 dLZuUM"
>
  <input
    class="optForm__Input-sc-2jbjnz-1 bwTUHA"
    placeholder="Email address"
  />
  <button
    class="optForm__Button-sc-2jbjnz-2 TWId"
  >
    Try it now
     
    <img
      alt="Try Now"
      src="/images/icons/chevron-right.png"
    />
  </button>
  <p
    class="optForm__Text-sc-2jbjnz-3 hOXwBR"
  >
    Ready to watch? Enter your email to create or restart your membership.
  </p>
</div>
`;
